pygame 2.6.1 (SDL 2.28.4, Python 3.13.9)
Hello from the pygame community. https://www.pygame.org/contribute.html

--- Testing AI Full Chain ---
Current Order: ['gemini', 'grok', 'claude', 'openai', 'ollama']
.venv\Scripts\python.
exe : Traceback 
(most recent call 
last):
At line:1 char:1
+ .venv\Scripts\pytho
n.exe 
test_fallbacks.py > 
test_output.txt 2>&1
+ ~~~~~~~~~~~~~~~~~~~
~~~~~~~~~~~~~~~~~~~~~
~~~~~~~~~~~~~~~~~~~~~
~~~~
    + CategoryInfo   
           : NotSpe  
  cified: (Traceba   
 ck (most recent     
call last)::Stri    
ng) [], RemoteEx    
ception
    + FullyQualified 
   ErrorId : Native  
  CommandError
 
  File "C:\Users\bhav
s\OneDrive - 
Saskatchewan Polytech
nic\Jarvis\test_fallb
acks.py", line 39, 
in <module>
    
test_ai_fallbacks()
    
~~~~~~~~~~~~~~~~~^^
  File "C:\Users\bhav
s\OneDrive - 
Saskatchewan Polytech
nic\Jarvis\test_fallb
acks.py", line 14, 
in test_ai_fallbacks
    response = get_ai
_response("Hello, 
who are you?")
  File "C:\Users\bhav
s\OneDrive - 
Saskatchewan Polytech
nic\Jarvis\ai_engine.
py", line 140, in 
get_ai_response
    
print(f"\U0001f916 
Attempting with {prov
ider.capitalize()}...
")
    ~~~~~^^^^^^^^^^^^
^^^^^^^^^^^^^^^^^^^^^
^^^^^^^^^^^^^^^^^
  File "C:\Users\bhav
s\AppData\Local\Progr
ams\Python\Python313\
Lib\encodings\cp1252.
py", line 19, in 
encode
    return codecs.cha
rmap_encode(input,sel
f.errors,encoding_tab
le)[0]
           ~~~~~~~~~~
~~~~~~~~~~~^^^^^^^^^^
^^^^^^^^^^^^^^^^^^^^^
^^^
UnicodeEncodeError: 
'charmap' codec 
can't encode 
character 
'\U0001f916' in 
position 0: 
character maps to 
<undefined>
